========================================
FASE 3 - Contract Net Protocol (CNP)
========================================

[1/4] Activando entorno virtual Python...
    OK - Virtual environment activado

[2/4] Compilando c├│digo Java Phase 3...
cmd : The JAVA_HOME environment variable is not defined correctly, 
En línea: 1 Carácter: 57
+ ... va\jdk-21" ; cmd /c run_phase3_cnp.bat > test_output.txt 2>&1 ; 
Get-C ...
+                  ~~~~~~~~~~~~~~~~~~~~~~~~~~~~~~~~~~~~~~~~~~~~~~~~
    + CategoryInfo          : NotSpecified: (The JAVA_HOME e...ned correc 
   tly, :String) [], RemoteException
    + FullyQualifiedErrorId : NativeCommandError
 
this environment variable is needed to run this program. 
ERROR: Compilacion Java fallida
Presione una tecla para continuar . . . 
¿Desea terminar el trabajo por lotes (S/N)? 
